exports[`test app footer should be rendered 1`] = `
<footer
  className="app-footer">
  <div
    className="app-footer__copyright">
    <span>
      Â© 2017 Future Testing
    </span>
  </div>
</footer>
`;
